.venv/bin/python -m pheq.train_dit --latents /adialab/usr/rashed/photometric-eqvae/data/latents/b1 --out outputs/dit/adialab_usr_rashed_photometric-eqvae_data_latents_b1_dit_s --arch dit_s --vae-ckpt outputs/runs/b1/ckpt_latest.pt --device cuda --max-hours 23.5 --steps 100000 --fid-every 10000 --fid-ref-stats openimages_val_256
Cannot initialize model with low cpu memory usage because `accelerate` was not found in the environment. Defaulting to `low_cpu_mem_usage=False`. It is strongly recommended to install `accelerate` for faster and less memory-intense model loading. You can do so with: 
```
pip install accelerate
```
.
/adialab/usr/rashed/photometric-eqvae/.venv/lib/python3.14/site-packages/huggingface_hub/utils/_validators.py:205: UserWarning: The `local_dir_use_symlinks` argument is deprecated and ignored in `hf_hub_download`. Downloading to a local directory does not use symlinks anymore.
  warnings.warn(
/adialab/usr/rashed/photometric-eqvae/.venv/lib/python3.14/site-packages/torch/utils/data/dataloader.py:431: UserWarning: This DataLoader will create 12 worker processes in total. Our suggested max number of worker in current system is 8, which is smaller than what this DataLoader is going to create. Please be aware that excessive worker creation might get DataLoader running slow or even freeze, lower the worker number to avoid potential slowness/freeze if necessary.
  self.check_worker_number_rationality()
compute FID of a folder with openimages_val_256 statistics
Found 5000 images in the folder outputs/dit/adialab_usr_rashed_photometric-eqvae_data_latents_b1_dit_s/fid/step_0010000
FID step_0010000 :   0%|          | 0/157 [00:00<?, ?it/s]/adialab/usr/rashed/photometric-eqvae/.venv/lib/python3.14/site-packages/torch/utils/data/dataloader.py:437: UserWarning: This DataLoader will create 12 worker processes in total. Our suggested max number of worker in current system is 8, which is smaller than what this DataLoader is going to create. Please be aware that excessive worker creation might get DataLoader running slow or even freeze, lower the worker number to avoid potential slowness/freeze if necessary.
  self.check_worker_number_rationality()
/adialab/usr/rashed/photometric-eqvae/.venv/lib/python3.14/site-packages/torch/utils/data/dataloader.py:438: UserWarning: Got pickle error when attempting to start a worker Process. This might be because the worker Process arguments are not picklable. Python 3.14+ changed the multiprocessing start method in non-Mac POSIX platforms to 'forkserver', which requires the worker Process arguments to be picklable. You can also try multiprocessing.set_start_method('fork').
  return _MultiProcessingDataLoaderIter(self)
FID step_0010000 :   0%|          | 0/157 [00:00<?, ?it/s]
compute FID of a folder with openimages_val_256 statistics
Found 5000 images in the folder outputs/dit/adialab_usr_rashed_photometric-eqvae_data_latents_b1_dit_s/fid/step_0020000
FID step_0020000 :   0%|          | 0/157 [00:00<?, ?it/s]FID step_0020000 :   0%|          | 0/157 [00:00<?, ?it/s]
compute FID of a folder with openimages_val_256 statistics
Found 5000 images in the folder outputs/dit/adialab_usr_rashed_photometric-eqvae_data_latents_b1_dit_s/fid/step_0030000
FID step_0030000 :   0%|          | 0/157 [00:00<?, ?it/s]FID step_0030000 :   0%|          | 0/157 [00:00<?, ?it/s]
compute FID of a folder with openimages_val_256 statistics
Found 5000 images in the folder outputs/dit/adialab_usr_rashed_photometric-eqvae_data_latents_b1_dit_s/fid/step_0040000
FID step_0040000 :   0%|          | 0/157 [00:00<?, ?it/s]FID step_0040000 :   0%|          | 0/157 [00:00<?, ?it/s]
final checkpoint -> outputs/dit/adialab_usr_rashed_photometric-eqvae_data_latents_b1_dit_s/ckpt_latest.pt
done. Results in outputs/dit/adialab_usr_rashed_photometric-eqvae_data_latents_b1_dit_s
